../Core/Src/main.c:97:5:data_from_iot	16	static
../Core/Src/main.c:178:6:motor_drive_clockwise	8	static
../Core/Src/main.c:192:6:motor_drive_anticlockwise	8	static
../Core/Src/main.c:206:6:motor_drive_stop	8	static
../Core/Src/main.c:217:6:timer_start	8	static
../Core/Src/main.c:229:6:Buzzer	8	static
../Core/Src/main.c:239:6:laser_detect	8	static
../Core/Src/main.c:271:5:main	8	static
../Core/Src/main.c:387:6:SystemClock_Config	80	static
../Core/Src/main.c:428:13:MX_TIM2_Init	48	static
../Core/Src/main.c:487:13:MX_TIM6_Init	16	static
../Core/Src/main.c:525:13:MX_USART1_UART_Init	8	static
../Core/Src/main.c:558:13:MX_USART2_UART_Init	8	static
../Core/Src/main.c:591:13:MX_GPIO_Init	48	static
../Core/Src/main.c:650:6:HAL_TIM_PeriodElapsedCallback	16	static
../Core/Src/main.c:674:6:Error_Handler	4	static,ignoring_inline_asm
